<div id="ben" class="section">
  <p>Lorem <strong>ipsum</strong> dolor sit amet, consectetur adipisicing elit, sed do eiusmod
tempor</p>

<h2>incididunt</h2>

<p>ut labore et dolore magna aliqua. Ut enim ad minim veniam,
quis nostrud exercitation ullamco laboris nisi ut aliquip ex ea commodo
consequat.</p>

<p>Duis aute irure dolor in reprehenderit in voluptate velit esse
cillum dolore eu fugiat nulla pariatur. Excepteur sint occaecat cupidatat non
proident, sunt in culpa qui officia deserunt mollit anim:</p>

<ul><li>id</li><li>est</li><li>laborum</li></ul>
  <ul>
  <li>FOO</li>
  <li>BAH</li>
  </ul>
</div>
<div id="courtney" class="section">
  <p>Lorem <strong>ipsum</strong> dolor sit amet, consectetur adipisicing elit, sed do eiusmod
tempor</p>

<h2>incididunt</h2>

<p>ut labore et dolore magna aliqua. Ut enim ad minim veniam,
quis nostrud exercitation ullamco laboris nisi ut aliquip ex ea commodo
consequat.</p>

<p>Duis aute irure dolor in reprehenderit in voluptate velit esse
cillum dolore eu fugiat nulla pariatur. Excepteur sint occaecat cupidatat non
proident, sunt in culpa qui officia deserunt mollit anim:</p>

<ul><li>id</li><li>est</li><li>laborum</li></ul>
  <ul>
  <li>FOO</li>
  <li>BAH</li>
  </ul>
</div>
